# Coronation
New game started
h2-h4
c7-c6
e2-e3
b7-b6
f1-e2
h7-h5
e2-h5
h8-h5
d1-h5
g7-g6
h5-g6
f7-g6
d2-d3
g8-f6
e3-e4
f6-e4
d3-e4
g6-g5
c1-g5
f8-h6
g5-h6
a7-a6
h4-h5
a6-a5
h6-c1
a5-a4
h5-h6
b6-b5
h6-h7
b5-b4
h7-h8
