# Invalid input in SaveGame command
New game started
Input error
Input error
Input error
