# Invalid input in PrintAllMoves command
New game started
Input error
Input error
New game started
Input error
Input error
New game started
Input error
Input error
New game started
Input error
Input error
