# Invalid inputs in LoadGame command
Input error
Input error
Input error
New game started
Input error
Input error
Input error
