New game started
b2-b3
b7-b5
a2-a4
b5-a4
b3-a4
g7-g6
g2-g3
f8-h6
f2-f3
h6-d2
d1-d2
g8-h6
d2-d7
c8-d7
c1-h6
d7-a4
a1-a4
b8-a6
a4-a6
g6-g5
a6-a7
a8-a7
h6-g5
d8-d2
e1-d2
#QuitGame
