New game started
b1-a3
b7-b5
a3-b5
a7-a5
b5-c7
d8-c7
b2-b3
c7-c2
d1-c2
c8-b7
c2-h7
b7-g2
h7-h8
g2-f1
h8-g8
f1-e2
e1-e2
d7-d6
g8-g7
f8-g7
e2-d1
g7-a1
d2-d4
a1-d4
g1-f3
d4-f2
b3-b4
a5-b4
h2-h4
f2-h4
f3-h4
a8-a2
h4-g2
a2-g2
h1-g1
g2-g1
d1-c2
g1-c1
White Player has won
